A D/Xserver////
A D/appres////
A D/bdftopcf////
A D/beforelight////
A D/bitmap////
A D/cxpm////
A D/dpsexec////
A D/dpsinfo////
A D/editres////
A D/fc-cache////
A D/fc-lang////
A D/fc-list////
A D/fonttosfnt////
A D/fsinfo////
A D/fslsfonts////
A D/fstobdf////
A D/glwdemos////
A D/glxgears////
A D/glxinfo////
A D/iceauth////
A D/ico////
A D/lbxproxy////
A D/listres////
A D/luit////
A D/makepsres////
A D/mkcfm////
A D/mkfontdir////
A D/mkfontscale////
A D/oclock////
A D/pclcomp////
A D/proxymngr////
A D/rgb////
A D/rstart////
A D/scripts////
A D/setxkbmap////
A D/showfont////
A D/smproxy////
A D/sxpm////
A D/texteroids////
A D/twm////
A D/vgahelp////
A D/viewres////
A D/x11perf////
A D/xappembed////
A D/xauth////
A D/xbeziertest////
A D/xbiff////
A D/xcalc////
A D/xclipboard////
A D/xclock////
A D/xcmsdb////
A D/xconsole////
A D/xcursorgen////
A D/xdbedizzy////
A D/xditview////
A D/xdm////
A D/xdpyinfo////
A D/xdriinfo////
A D/xedit////
A D/xev////
A D/xeyes////
A D/xf86dga////
A D/xfd////
A D/xfindproxy////
A D/xfontsel////
A D/xfs////
A D/xfsinfo////
A D/xftcache////
A D/xfwp////
A D/xgamma////
A D/xgc////
A D/xhost////
A D/xieperf////
A D/xinit////
A D/xkbcomp////
A D/xkbevd////
A D/xkbprint////
A D/xkbutils////
A D/xkill////
A D/xload////
A D/xlogo////
A D/xlsatoms////
A D/xlsclients////
A D/xlsfonts////
A D/xmag////
A D/xman////
A D/xmessage////
A D/xmh////
A D/xmodmap////
A D/xmore////
A D/xphelloworld////
A D/xplsprinters////
A D/xpppdtomodelconfig////
A D/xpr////
A D/xprehashprinterlist////
A D/xprintadm////
A D/xprop////
A D/xptest////
A D/xrandr////
A D/xrdb////
A D/xrefresh////
A D/xrx////
A D/xset////
A D/xsetmode////
A D/xsetpointer////
A D/xsetroot////
A D/xsm////
A D/xstdcmap////
A D/xstls////
A D/xstshowfont////
A D/xterm////
A D/xtrap////
A D/xvidtune////
A D/xvinfo////
A D/xwd////
A D/xwininfo////
A D/xwud////
R D/xstshowfont////
R D/xstls////
R D/xptest////
R D/xprintadm////
R D/xpr////
R D/xpppdtomodelconfig////
R D/xieperf////
R D/xftcache////
R D/xdbedizzy////
R D/xbeziertest////
R D/xappembed////
R D/vgahelp////
R D/pclcomp////
R D/glwdemos////
R D/fsinfo////
