A D/FS////
A D/GL////
A D/GLU////
A D/GLw////
A D/ICE////
A D/PEX5////
A D/SM////
A D/X11////
A D/XExExt////
A D/XIE////
A D/XRes////
A D/XThrStub////
A D/XTrap////
A D/Xanti////
A D/Xau////
A D/Xaw////
A D/Xaw6////
A D/Xaw7////
A D/Xbsd////
A D/Xcomposite////
A D/Xcursor////
A D/Xdamage////
A D/Xdmcp////
A D/Xdpms////
A D/Xevie////
A D/Xext////
A D/Xfixes////
A D/Xfontcache////
A D/Xft////
A D/Xft1////
A D/Xi////
A D/Xinerama////
A D/Xlg3d////
A D/Xmu////
A D/Xmuu////
A D/Xp////
A D/Xpm////
A D/XprintAppUtil////
A D/XprintUtil////
A D/Xrandr////
A D/Xrender////
A D/Xss////
A D/Xst////
A D/Xt////
A D/Xtst////
A D/Xv////
A D/XvMC////
A D/Xxf86dga////
A D/Xxf86misc////
A D/Xxf86rush////
A D/Xxf86vm////
A D/apple////
A D/dmx////
A D/dps////
A D/dpstk////
A D/expat////
A D/font////
A D/fontconfig////
A D/fontenc////
A D/freetype2////
A D/lbxutil////
A D/libxml2////
A D/misc////
A D/oldX////
A D/psres////
A D/regex////
A D/windows////
A D/xkbfile////
A D/xkbui////
A D/xtrans////
A D/zlib////
R D/libxml2////
R D/Xst////
R D/Xlg3d////
R D/Xdpms////
R D/Xanti////
R D/XThrStub////
R D/XIE////
R D/XExExt////
R D/PEX5////
