A D/Allegro////
A D/BeOS////
A D/D3D////
A D/DOS////
A D/FX////
A D/GGI////
A D/OSmesa////
A D/S3////
A D/SPARC////
A D/SVGA////
A D/Trace////
A D/Windows////
A D/X////
A D/X86////
A D/array_cache////
A D/glu////
A D/glut////
A D/glw////
A D/glx////
A D/math////
A D/mesa////
A D/swrast////
A D/swrast_setup////
A D/tnl////
A D/tnl_dd////
A D/windml////
R D/windml////
R D/tnl_dd////
R D/tnl////
R D/swrast_setup////
R D/swrast////
R D/math////
R D/glut////
R D/glu////
R D/array_cache////
R D/X86////
R D/X////
R D/Windows////
R D/Trace////
R D/SVGA////
R D/SPARC////
R D/S3////
R D/OSmesa////
R D/GGI////
R D/FX////
R D/DOS////
R D/D3D////
R D/BeOS////
R D/Allegro////
