A D/LinkKit////
A D/SuperProbe////
A D/VGADriverDoc////
A D/XF86Setup////
A D/accel////
A D/bdm2////
A D/common////
A D/common_hw////
A D/config////
A D/ddc////
A D/doc////
A D/drivers////
A D/dummylib////
A D/etc////
A D/fbdev////
A D/fbdevhw////
A D/getconfig////
A D/hga2////
A D/i2c////
A D/input////
A D/int10////
A D/loader////
A D/mono////
A D/olddrivers////
A D/os-support////
A D/parser////
A D/rac////
A D/ramdac////
A D/reconfig////
A D/scanpci////
A D/sdk////
A D/shadowfb////
A D/vbe////
A D/vga16////
A D/vga2////
A D/vga256////
A D/vgafb////
A D/vgahw////
A D/xaa////
A D/xf1bpp////
A D/xf24_32bpp////
A D/xf4bpp////
A D/xf86cfg////
A D/xf86config////
A D/xf8_16bpp////
A D/xf8_32bpp////
A D/xf8_32wid////
R D/vgafb////
R D/vga256////
R D/vga2////
R D/vga16////
R D/olddrivers////
R D/mono////
R D/hga2////
R D/fbdev////
R D/config////
R D/common_hw////
R D/bdm2////
R D/accel////
R D/XF86Setup////
R D/VGADriverDoc////
R D/SuperProbe////
R D/LinkKit////
