A D/BeOS////
A D/OpenStep////
A D/WIN32////
A D/bin////
A D/book////
A D/configs////
A D/demos////
A D/docs////
A D/doxy////
A D/doxygen////
A D/ggi////
A D/images////
A D/include////
A D/m4////
A D/macos////
A D/mtdemos////
A D/progs////
A D/samples////
A D/si-glu////
A D/src////
A D/src-glu////
A D/src-glut////
A D/src-glut.beos////
A D/src-glut.dja////
A D/src-glut.dos////
A D/tests////
A D/util////
A D/vms////
A D/widgets-mesa////
A D/widgets-sgi////
A D/windmldemos////
A D/xdemos////
R D/xdemos////
R D/windmldemos////
R D/widgets-sgi////
R D/widgets-mesa////
R D/util////
R D/tests////
R D/src-glut.dos////
R D/src-glut.dja////
R D/src-glut.beos////
R D/src-glut////
R D/src-glu////
R D/si-glu////
R D/samples////
R D/progs////
R D/mtdemos////
R D/macos////
R D/m4////
R D/images////
R D/ggi////
R D/doxygen////
R D/doxy////
R D/demos////
R D/book////
R D/WIN32////
R D/OpenStep////
R D/BeOS////
