A D/GL////
A D/PEX5////
A D/XIE////
A D/XTrap////
A D/Xext////
A D/Xi////
A D/XpConfig////
A D/Xprint////
A D/Xst////
A D/afb////
A D/cfb////
A D/cfb16////
A D/cfb24////
A D/cfb32////
A D/composite////
A D/damageext////
A D/dbe////
A D/dix////
A D/dixlbx////
A D/fb////
A D/glxStub////
A D/hw////
A D/ilbm////
A D/include////
A D/iplan2p2////
A D/iplan2p4////
A D/iplan2p8////
A D/lbx////
A D/lmfcfb////
A D/mfb////
A D/mi////
A D/miext////
A D/os////
A D/oslbx////
A D/pandix////
A D/panmi////
A D/randr////
A D/record////
A D/render////
A D/xfixes////
A D/xkb////
R D/panmi////
R D/pandix////
R D/oslbx////
R D/glxStub////
R D/dixlbx////
R D/Xst////
R D/XIE////
R D/PEX5////
