A D/BSDI////
A D/Cygwin////
A D/Darwin////
A D/Darwin-ix86////
A D/Darwin-ppc////
A D/FreeBSD////
A D/FreeBSD-ELF////
A D/FreeBSD-aout////
A D/Interactive////
A D/Linux-amd64////
A D/Linux-axp////
A D/Linux-ix86////
A D/Linux-m68k////
A D/Linux-mips////
A D/Linux-ppc////
A D/LynxOS////
A D/NetBSD-aout-ix86////
A D/NetBSD-ix86////
A D/OS2////
A D/OpenBSD-aout-ix86////
A D/OpenBSD-ix86////
A D/OpenBSD-sparc////
A D/SVR4.0////
A D/Solaris////
A D/UnixWare////
A D/common////
A D/os2////
R D/OpenBSD-sparc////
R D/OS2////
R D/FreeBSD-ELF////
R D/Darwin////
R D/BSDI////
