A D/BDF////
A D/CTEXT////
A D/DPMS////
A D/FSProtocol////
A D/Fresco////
A D/GL////
A D/ICCCM////
A D/ICE////
A D/MTXserver////
A D/PEX5////
A D/PM////
A D/RX////
A D/Randr////
A D/Render////
A D/SIAddresses////
A D/SM////
A D/X11////
A D/XDMCP////
A D/XIE////
A D/XIM////
A D/XKB////
A D/XLFD////
A D/XPRINT////
A D/XProtocol////
A D/Xaw////
A D/Xext////
A D/Xfixes////
A D/Xi////
A D/Xkb////
A D/Xmu////
A D/Xserver////
A D/Xt////
A D/Xv////
A D/XvMC////
A D/i18n////
A D/programs////
A D/rstart////
A D/saver////
A D/test////
A D/xfs////
A D/xterm////
A D/xtrans////
R D/test////
R D/Xkb////
R D/Xfixes////
R D/XIE////
R D/PEX5////
R D/MTXserver////
R D/Fresco////
R D/DPMS////
