A D/al2101////
A D/ali////
A D/apm////
A D/apollo////
A D/ark////
A D/ati////
A D/chips////
A D/cirrus////
A D/cl64xx////
A D/compaq////
A D/cyrix////
A D/dummy////
A D/et3000////
A D/fbdev////
A D/geode////
A D/glide////
A D/glint////
A D/gvga////
A D/hercules////
A D/hgc1280////
A D/i128////
A D/i2c////
A D/i740////
A D/i810////
A D/igs////
A D/imstt////
A D/mga////
A D/mx////
A D/ncr////
A D/neomagic////
A D/newport////
A D/nsc////
A D/nv////
A D/oak////
A D/p9x00////
A D/r128////
A D/realtek////
A D/rendition////
A D/s3////
A D/s3_newmmio////
A D/s3_pio////
A D/s3v////
A D/s3virge////
A D/savage////
A D/sigma////
A D/siliconmotion////
A D/sis////
A D/sisusb////
A D/sunbw2////
A D/suncg14////
A D/suncg3////
A D/suncg6////
A D/sunffb////
A D/sunleo////
A D/suntcx////
A D/tdfx////
A D/tga////
A D/trident////
A D/tritech////
A D/tseng////
A D/v4l////
A D/vesa////
A D/vga////
A D/via////
A D/video7////
A D/vmware////
A D/voodoo////
A D/wd////
A D/wsfb////
R D/wsfb////
R D/wd////
R D/video7////
R D/tritech////
R D/sisusb////
R D/sigma////
R D/s3v////
R D/s3_pio////
R D/s3_newmmio////
R D/realtek////
R D/r128////
R D/p9x00////
R D/oak////
R D/ncr////
R D/mx////
R D/igs////
R D/i2c////
R D/hgc1280////
R D/hercules////
R D/gvga////
R D/geode////
R D/et3000////
R D/compaq////
R D/cl64xx////
R D/apollo////
R D/ali////
R D/al2101////
