A D/acecad////
A D/aiptek////
A D/calcomp////
A D/citron////
A D/digitaledge////
A D/dmc////
A D/dynapro////
A D/elo2300////
A D/elographics////
A D/evdev////
A D/fpit////
A D/hyperpen////
A D/jamstudio////
A D/joystick////
A D/keyboard////
A D/magellan////
A D/magictouch////
A D/microtouch////
A D/mouse////
A D/mutouch////
A D/palmax////
A D/penmount////
A D/sample////
A D/spaceorb////
A D/summa////
A D/switch////
A D/tek4957////
A D/ur98////
A D/void////
A D/wacom////
R D/switch////
R D/evdev////
